// Jest Snapshot v1, https://goo.gl/fbAQLP

exports[`should render the Home view 1`] = `
<div>
  <div
    class="home-page"
    style="background-image: url(kickball.jpg);"
  >
    <div
      class="kickball-title"
    >
      PNW Kickball League
    </div>
    <div
      class="acknowledgement"
    >
      Photo by cottonbro from Pexels
    </div>
  </div>
</div>
`;
